0001                         * ;John Snoap, Chris Rich, and Aubin Mukamaishimwe
0002                         * ;Computer Systems
0003                         * ;Current (from Final_March_27)
0004                         
0005                         * ;Variables													COMMENTS
0006 00a0                    characterCount			EQU		$A0								;For our program
0007 00a1                    currentQuadrant			EQU		$A1								;For our program
0008 00a2                    shiftFlag			EQU		$A2								;For our program
0009 00a3                    mode				EQU		$A3								;For our program
0010 00b0                    bufferStart			EQU		$B0								;For our program
0011 a000                    keyboard			EQU		$A000								;For our hardware
0012 b000                    LCD				EQU		$B000								;For our hardware
0013 b001                    LCDD				EQU		$B001								;For our hardware
0014 c000                    DDRA				EQU		$C000								;For our hardware
0015 c001                    CRA				EQU		$C001								;For our hardware
0016 c002                    DDRB				EQU		$C002								;For our hardware
0017 c003                    CRB				EQU		$C003								;For our hardware
0018 9000                    bright				EQU		$9000								;For our hardware
0019 8000                    dim				EQU		$8000								;For our hardware
0020 0024                    stringLength			EQU		36								;The number of bits allocated for each laser string
0021 003c                    quadrantLength			EQU		60								;The horizontal length allocated for each quadrant
0022 e400                    LCDStart			EQU		$E400								;For our EEPROM
0023 e450                    testPatternStart		EQU		$E450								;For our EEPROM
0024 e500                    laserStart			EQU		$E500								;For our EEPROM
0025 ed00                    animationStart			EQU		$ED00								;For our EEPROM
0026                         * ;Variables end
0027                         
0028                         * ;Main														COMMENTS
0029 e000                    				ORG		$E000								;Start program
0030 e000 0e                 				CLI										;Clear the interupt flag
0031 e001 8e 00 ff           				LDS		#$FF								;Load the stack pointer
0032 e004 7f 00 a0           				CLR		characterCount							;Initialize characterCount
0033 e007 7f 00 a1           				CLR		currentQuadrant							;Initialize currentQuadrant
0034 e00a 7f 00 a2           				CLR		shiftFlag							;Initialize shiftFlag
0035 e00d 7f 00 a3           				CLR		mode								;Initialize mode (step 1 of 2)
0036 e010 7c 00 a3           				INC		mode								;Initialize mode (step 2 of 2)
0037 e013 14 39 80           				BSET		$1039			%10000000				;Initialize internal A/D converter
0038 e016 ce b0 00           				LDX		#LCD								;LCD location -> X		Initialize LCD
0039 e019 1e 00 80 fc        				BRSET		0,X			%10000000	*			;LCD busy check
0040 e01d 86 01              				LDAA		#$1								;Load first command
0041 e01f b7 b0 00           				STAA		LCD								;Send first command -> LCD
0042 e022 1e 00 80 fc        				BRSET		0,X			%10000000	*			;LCD busy check
0043 e026 86 30              				LDAA		#$30								;Load second command
0044 e028 b7 b0 00           				STAA		LCD								;Send second command -> LCD
0045 e02b 1e 00 80 fc        				BRSET		0,X			%10000000	*			;LCD busy check
0046 e02f 86 08              				LDAA		#$8								;Load third command
0047 e031 b7 b0 00           				STAA		LCD								;Send third command -> LCD
0048 e034 1e 00 80 fc        				BRSET		0,X			%10000000	*			;LCD busy check
0049 e038 86 06              				LDAA		#$6								;Load fourth command
0050 e03a b7 b0 00           				STAA		LCD								;Send fourth command -> LCD
0051 e03d 1e 00 80 fc        				BRSET		0,X			%10000000	*			;LCD busy check
0052 e041 86 3c              				LDAA		#$3C								;Load fifth command
0053 e043 b7 b0 00           				STAA		LCD								;Send fifth command -> LCD
0054 e046 1e 00 80 fc        				BRSET		0,X			%10000000	*			;LCD busy check
0055 e04a 86 0f              				LDAA		#$F								;Load sixth command
0056 e04c b7 b0 00           				STAA		LCD								;Send sixth command -> LCD	Initialize LCD end
0057 e04f ce c0 01           				LDX		#CRA								;PIA CRA -> X			Initialize laser
0058 e052 1d 00 04           				BCLR		0,X			%00000100				;Trust Watson -> PIA CRA
0059 e055 ce c0 00           				LDX		#DDRA								;PIA DDRA -> X
0060 e058 1c 00 ff           				BSET		0,X			$FF					;Trust Watson -> PIA DDRA
0061 e05b ce c0 01           				LDX		#CRA								;PIA CRA -> X
0062 e05e 1c 00 04           				BSET		0,X			%00000100				;Trust Watson -> PIA CRA
0063 e061 ce c0 03           				LDX		#CRB								;PIA CRB -> X
0064 e064 1d 00 04           				BCLR		0,X			%00000100				;Trust Watson -> PIA CRB
0065 e067 ce c0 02           				LDX		#DDRB								;PIA DDRB -> X
0066 e06a 1c 00 ff           				BSET		0,X			$FF					;Trust Watson -> PIA DDRB
0067 e06d ce c0 03           				LDX		#CRB								;PIA CRB -> X
0068 e070 1c 00 04           				BSET		0,X			%00000100				;Trust Watson -> PIA CRB	Initialize laser end
0069 e073 86 20              				LDAA		#$20								;Trust Watson for delay knob
0070 e075 b7 10 30           				STAA		$1030								;Trust Watson Result will be in loc $1031
0071 e078 b7 80 00           				STAA		dim								;Make sure the laser starts off
0072 e07b 96 a3              start				LDAA		mode								;Begin main loop
0073 e07d 81 01              				CMPA		#1								;if (mode == 1)
0074 e07f 27 fa              				BEQ		start								;Go back to start (do not use laser)
0075 e081 81 02              				CMPA		#2								;else if (mode == 2)
0076 e083 27 07              				BEQ		displayCharacter						;Write letters on wall with laser
0077 e085 81 03              				CMPA		#3								;else if (mode == 3)
0078 e087 27 5f              				BEQ		displayTestPattern						;Display test pattern on wall with laser
0079 e089 7e e1 1e           				JMP		displayAnimation						;else, display animation on wall with laser
0080 e08c 96 a0              displayCharacter		LDAA		characterCount							;See if there are any characters to draw
0081 e08e 81 00              				CMPA		#0								;if (characterCount == 0)
0082 e090 27 06              				BEQ		characterDisplayReset						;Go to character display reset
0083 e092 96 a1              				LDAA		currentQuadrant							;else, determine whether or not to draw character
0084 e094 91 a0              				CMPA		characterCount							;if (currentQuadrant != characterCount)
0085 e096 26 05              				BNE		setPointer							;Prepare to send the character to the laser
0086 e098 15 a1 ff           characterDisplayReset		BCLR		currentQuadrant		%11111111				;else, reset currentQuadrant and
0087 e09b 20 de              				BRA		start								;Go back to start
0088 e09d ce 00 b0           setPointer			LDX		#bufferStart							;First of four characters -> X
0089 e0a0 d6 a1              				LDAB		currentQuadrant							;currentQuadrant -> B
0090 e0a2 3a                 				ABX										;Add current quadrant to buffer start
0091 e0a3 a6 00              				LDAA		0,X								;Desired character -> A
0092 e0a5 c6 24              				LDAB		#stringLength							;Get laser string offset (A * 32)
0093 e0a7 3d                 				MUL										;Laser string offset -> D
0094 e0a8 c3 e5 00           				ADDD		#laserStart							;Laser string offset + laser start -> D
0095 e0ab 8f                 				XGDX										;D <-> X
0096 e0ac a6 00              getNext				LDAA		0,X								;Get next character byte
0097 e0ae 81 b0              				CMPA		#$B0								;if (byte == bright)
0098 e0b0 27 1f              				BEQ		laserOn								;Turn the laser on
0099 e0b2 81 d0              				CMPA		#$D0								;else if (byte == dim)
0100 e0b4 27 24              				BEQ		laserOff							;Turn the laser off
0101 e0b6 81 70              				CMPA		#$70								;else if (byte == complete)
0102 e0b8 27 29              				BEQ		currentQuadrantPlusPlus						;Letter is completed
0103 e0ba 96 a1              				LDAA		currentQuadrant							;else, byte is an x-coordinate
0104 e0bc c6 3c              				LDAB		#quadrantLength							;Determine location offset for x-coordinate
0105 e0be 3d                 				MUL										;Location offset -> B
0106 e0bf a6 00              				LDAA		0,X								;X-coordinate -> A
0107 e0c1 1b                 				ABA										;X-coordinate + location offset -> A
0108 e0c2 b7 c0 00           				STAA		DDRA								;Send x-coordinate -> PIA
0109 e0c5 08                 				INX										;Prepare to send y-coordinate
0110 e0c6 a6 00              				LDAA		0,X								;Load y-coordinate -> PIA
0111 e0c8 b7 c0 02           				STAA		DDRB								;Send y-coordinate -> PIA
0112 e0cb bd e1 96           				JSR		delay								;Delay for 200 microseconds
0113 e0ce 08                 				INX										;Position for next character byte
0114 e0cf 20 db              				BRA		getNext								;Go to get next character byte
0115 e0d1 b7 90 00           laserOn				STAA		bright								;Send turn laser on -> PIA
0116 e0d4 bd e1 96           				JSR		delay								;Delay for 200 microseconds
0117 e0d7 08                 				INX										;Position for next character byte
0118 e0d8 20 d2              				BRA		getNext								;Go to get next character byte
0119 e0da b7 80 00           laserOff			STAA		dim								;Send turn laser off -> PIA
0120 e0dd bd e1 96           				JSR		delay								;Delay for 200 microseconds
0121 e0e0 08                 				INX										;Position for next character byte
0122 e0e1 20 c9              				BRA		getNext								;Go to get next character byte
0123 e0e3 7c 00 a1           currentQuadrantPlusPlus		INC		currentQuadrant							;currentQuadrant++
0124 e0e6 20 a4              				BRA		displayCharacter						;Go to determine whether or not to draw character
0125 e0e8 cc e4 50           displayTestPattern		LDD		#testPatternStart						;Load test pattern start -> D
0126 e0eb 8f                 				XGDX										;D <-> X
0127 e0ec a6 00              getNext1			LDAA		0,X								;Get next byte
0128 e0ee 81 b0              				CMPA		#$B0								;if (byte == bright)
0129 e0f0 27 17              				BEQ		laserOn1							;Turn the laser on
0130 e0f2 81 d0              				CMPA		#$D0								;else if (byte == dim)
0131 e0f4 27 1c              				BEQ		laserOff1							;Turn the laser off
0132 e0f6 81 70              				CMPA		#$70								;else if (byte == complete)
0133 e0f8 27 21              				BEQ		return								;Go to return
0134 e0fa b7 c0 00           				STAA		DDRA								;Send x-coordinate -> PIA
0135 e0fd 08                 				INX										;Prepare to send y-coordinate
0136 e0fe a6 00              				LDAA		0,X								;Load y-coordinate -> PIA
0137 e100 b7 c0 02           				STAA		DDRB								;Send y-coordinate -> PIA
0138 e103 bd e1 96           				JSR		delay								;Delay for 5 miliseconds
0139 e106 08                 				INX										;Position for next byte
0140 e107 20 e3              				BRA		getNext1							;Go to get next byte
0141 e109 b7 90 00           laserOn1			STAA		bright								;Send turn laser on -> PIA
0142 e10c bd e1 96           				JSR		delay								;Delay for 5 miliseconds
0143 e10f 08                 				INX										;Position for next byte
0144 e110 20 da              				BRA		getNext1							;Go to get next byte
0145 e112 b7 80 00           laserOff1			STAA		dim								;Send turn laser off -> PIA
0146 e115 bd e1 96           				JSR		delay								;Delay for 5 miliseconds
0147 e118 08                 				INX										;Position for next byte
0148 e119 20 d1              				BRA		getNext1							;Go to get next byte
0149 e11b 7e e0 7b           return				JMP		start								;Go back to start
0150 e11e 7e e0 7b           displayAnimation		JMP		start								;Go back to start
0151                         * ;Main end
0152                         
0153                         * ;Interrupt Service Routine											COMMENTS
0154 e121 0e                 ISR				CLI										;Clear the interrupt flag
0155 e122 b6 a0 00           				LDAA		keyboard							;Load keypress
0156 e125 84 1f              				ANDA		#$1F								;Clear the first three bits
0157 e127 9b a2              				ADDA		shiftFlag							;Add shift
0158 e129 81 03              				CMPA		#%11								;if (keypress == shift && !shiftFlag)
0159 e12b 27 3f              				BEQ		shiftOn								;shiftFlag = on
0160 e12d 81 13              				CMPA		#%10011								;else if (keypress == mode && !shiftFlag)
0161 e12f 27 45              				BEQ		modePlusPlus							;mode++
0162 e131 81 23              				CMPA		#%100011							;else if (keypress == shift && shiftFlag)
0163 e133 27 3c              				BEQ		shiftOff							;shiftFlag = off
0164 e135 81 33              				CMPA		#%110011							;else if (keypress == mode && shiftFlag)
0165 e137 27 4d              				BEQ		modeMinusMinus							;mode--
0166 e139 ce 00 b0           				LDX		#bufferStart							;else, keypress is a character
0167 e13c d6 a0              				LDAB		characterCount							;characterCount -> B
0168 e13e 3a                 				ABX										;Add character count to buffer start
0169 e13f a7 00              				STAA		0,X								;Keypress -> buffer
0170 e141 ce e4 00           				LDX		#LCDStart							;Start LCD translation
0171 e144 16                 				TAB										;Keypress -> B
0172 e145 3a                 				ABX										;Add keypress to LCD start
0173 e146 a6 00              				LDAA		0,X								;Finish LCD translation
0174 e148 ce b0 00           				LDX		#LCD								;Prepare to send LCD translation to LCD
0175 e14b 1e 00 80 fc        				BRSET		0,X			%10000000	*			;LCD busy check
0176 e14f b7 b0 01           				STAA		LCDD								;LCD translation -> LCD
0177 e152 7c 00 a0           				INC		characterCount							;characterCount++
0178 e155 86 05              				LDAA		#5								;5 -> A
0179 e157 d6 a0              				LDAB		characterCount							;characterCount -> B
0180 e159 11                 				CBA										;if (characterCount < 5)
0181 e15a 26 0f              				BNE		done								;Go to done
0182 e15c 7f 00 a0           				CLR		characterCount							;else, characterCount = 0  Need to add clear display
0183 e15f ce b0 00           				LDX		#LCD								;LCD location -> X		Clear LCD
0184 e162 1e 00 80 fc        				BRSET		0,X			%10000000	*			;LCD busy check
0185 e166 86 01              				LDAA		#$1								;Load first command
0186 e168 b7 b0 00           				STAA		LCD								;Send first command -> LCD
0187 e16b 3b                 done				RTI										;Return from interrupt
0188 e16c 14 a2 20           shiftOn				BSET		shiftFlag		%100000					;Shift on
0189 e16f 20 fa              				BRA		done								;Go to done
0190 e171 15 a2 20           shiftOff			BCLR		shiftFlag		%100000					;Shift off
0191 e174 20 f5              				BRA		done								;Go to done
0192 e176 7c 00 a3           modePlusPlus			INC		mode								;mode++
0193 e179 86 05              				LDAA		#5								;5 -> A
0194 e17b d6 a3              				LDAB		mode								;mode -> B
0195 e17d 11                 				CBA										;if (mode < 5)
0196 e17e 26 eb              				BNE		done								;Go to done
0197 e180 86 01              				LDAA		#1								;else
0198 e182 97 a3              				STAA		mode								;mode = 1
0199 e184 20 e5              				BRA		done								;Go to done
0200 e186 7a 00 a3           modeMinusMinus			DEC		mode								;mode--
0201 e189 86 00              				LDAA		#0								;0 -> A
0202 e18b d6 a3              				LDAB		mode								;mode -> B
0203 e18d 11                 				CBA										;if (mode > 0)
0204 e18e 26 db              				BNE		done								;Go to done
0205 e190 86 04              				LDAA		#4								;else
0206 e192 97 a3              				STAA		mode								;mode = 4
0207 e194 20 d5              				BRA		done								;Go to done
0208                         * ;Interrupt Service Routine end
0209                         
0210                         * ;Subrutine delay												COMMENTS
0211 e196 3c                 delay				PSHX										;Saves X
0212 e197 86 06              				LDAA		#6								
0213 e199 f6 10 31           				LDAB		$1031								;A/D Conversion -> B
0214 e19c 54                 				LSRB										;01111111
0215 e19d 54                 				LSRB										;00111111
0216 e19e 54                 				LSRB										;00011111
0217 e19f 54                 				LSRB										;00001111
0218 e1a0 3d                 				MUL										;X*6
0219 e1a1 86 30              				LDAA		#48								;48 + 0*6 = 1ms
0220 e1a3 1b                 				ABA										;48 + X*6
0221 e1a4 ce 00 07           outerLoop			LDX		#7								;Magic number for 50us
0222 e1a7 09                 innerLoop			DEX										;X--
0223 e1a8 8c 00 00           				CPX		#0								;Add 4 clock cycles
0224 e1ab 26 fa              				BNE		innerLoop							;If (X != 0) go to "innerLoop"
0225 e1ad 4a                 				DECA										;A--
0226 e1ae 26 f4              				BNE		outerLoop							;If (A != 0) go to "outerLoop"
0227 e1b0 38                 				PULX										;Restores X
0228 e1b1 39                 				RTS										;Return from subrutine
0229                         * ;Subrutine delay end
0230                         
0231                         * ;EEPROM													COMMENTS
0232 e400                    				ORG		LCDStart							;LCD start vector
0233 e400 31                 				FCB		%00110001							;"1"
0234 e401 51                 				FCB		%01010001							;"Q"
0235 e402 41                 				FCB		%01000001							;"A"
0236 e403 1e                 				FCB		%00011110							;Shift on
0237 e404 32                 				FCB		%00110010							;"2"
0238 e405 57                 				FCB		%01010111							;"W"
0239 e406 53                 				FCB		%01010011							;"S"
0240 e407 58                 				FCB		%01011000							;"X"
0241 e408 33                 				FCB		%00110011							;"3"
0242 e409 45                 				FCB		%01000101							;"E"
0243 e40a 44                 				FCB		%01000100							;"D"
0244 e40b 43                 				FCB		%01000011							;"C"
0245 e40c 34                 				FCB		%00110100							;"4"
0246 e40d 52                 				FCB		%01010010							;"R"
0247 e40e 46                 				FCB		%01000110							;"F"
0248 e40f 56                 				FCB		%01010110							;"V"
0249 e410 35                 				FCB		%00110101							;"5"
0250 e411 54                 				FCB		%01010100							;"T"
0251 e412 47                 				FCB		%01000111							;"G"
0252 e413 ff                 				FCB		%11111111							;Mode++
0253 e420                    				ORG		LCDStart+32							;LCD start vector + 32
0254 e420 36                 				FCB		%00110110							;"6"
0255 e421 59                 				FCB		%01011001							;"Y"
0256 e422 48                 				FCB		%01001000							;"H"
0257 e423 20                 				FCB		%00100000							;Shift off
0258 e424 37                 				FCB		%00110111							;"7"
0259 e425 55                 				FCB		%01010101							;"U"
0260 e426 4a                 				FCB		%01001010							;"J"
0261 e427 42                 				FCB		%01000010							;"B"
0262 e428 38                 				FCB		%00111000							;"8"
0263 e429 49                 				FCB		%01001001							;"I"
0264 e42a 4b                 				FCB		%01001011							;"K"
0265 e42b 4e                 				FCB		%01001110							;"N"
0266 e42c 39                 				FCB		%00111001							;"9"
0267 e42d 4f                 				FCB		%01001111							;"O"
0268 e42e 4c                 				FCB		%01001100							;"L"
0269 e42f 4d                 				FCB		%01001101							;"M"
0270 e430 30                 				FCB		%00110000							;"0"
0271 e431 50                 				FCB		%01010000							;"P"
0272 e432 5a                 				FCB		%01011010							;"Z"
0273 e433 00                 				FCB		%00000000							;Mode--
0274                         				
0275 e450                    				ORG		testPatternStart						;Test pattern
0276 e450 14                 				FCB		$14								;X
0277 e451 0a                 				FCB		$A								;Y
0278 e452 b0                 				FCB		$B0								;Bright
0279 e453 14                 				FCB		$14								;X
0280 e454 a0                 				FCB		$A0								;Y
0281 e455 8c                 				FCB		$8C								;X
0282 e456 a0                 				FCB		$A0								;Y
0283 e457 8c                 				FCB		$8C								;X
0284 e458 0a                 				FCB		$A								;Y
0285 e459 14                 				FCB		$14								;X
0286 e45a 0a                 				FCB		$A								;Y
0287 e45b d0                 				FCB		$D0								;Dim
0288 e45c 70                 				FCB		$70								;Test pattern end
0289                         				
0290 e500                    				ORG		0*stringLength+laserStart					;"1" laser string
0291 e500 0d                 				FCB		$0D								;X
0292 e501 41                 				FCB		$41								;Y
0293 e502 b0                 				FCB		$B0								;Bright
0294 e503 1a                 				FCB		$1A								;X
0295 e504 4e                 				FCB		$4E								;Y
0296 e505 1a                 				FCB		$1A								;X
0297 e506 00                 				FCB		$00								;Y
0298 e507 d0                 				FCB		$D0								;Dim
0299 e508 0d                 				FCB		$0D								;X
0300 e509 00                 				FCB		$00								;Y
0301 e50a b0                 				FCB		$B0								;Bright
0302 e50b 27                 				FCB		$27								;X
0303 e50c 00                 				FCB		$00								;Y
0304 e50d d0                 				FCB		$D0								;Dim
0305 e50e 70                 				FCB		$70								;"1" laser string end
0306 e524                    				ORG		1*stringLength+laserStart					;"Q" laser string
0307 e524 1a                 				FCB		$1A								;X
0308 e525 00                 				FCB		$00								;Y
0309 e526 b0                 				FCB		$B0								;Bright
0310 e527 0d                 				FCB		$0D								;X
0311 e528 00                 				FCB		$00								;Y
0312 e529 00                 				FCB		$00								;X
0313 e52a 0d                 				FCB		$0D								;Y
0314 e52b 00                 				FCB		$00								;X
0315 e52c 41                 				FCB		$41								;Y
0316 e52d 0d                 				FCB		$0D								;X
0317 e52e 4e                 				FCB		$4E								;Y
0318 e52f 27                 				FCB		$27								;X
0319 e530 4e                 				FCB		$4E								;Y
0320 e531 34                 				FCB		$34								;X
0321 e532 41                 				FCB		$41								;Y
0322 e533 34                 				FCB		$34								;X
0323 e534 1a                 				FCB		$1A								;Y
0324 e535 1a                 				FCB		$1A								;X
0325 e536 00                 				FCB		$00								;Y
0326 e537 d0                 				FCB		$D0								;Dim
0327 e538 1a                 				FCB		$1A								;X
0328 e539 1a                 				FCB		$1A								;Y
0329 e53a b0                 				FCB		$B0								;Bright
0330 e53b 34                 				FCB		$34								;X
0331 e53c 00                 				FCB		$00								;Y
0332 e53d d0                 				FCB		$D0								;Dim
0333 e53e 70                 				FCB		$70								;"Q" laser string end
0334 e548                    				ORG		2*stringLength+laserStart					;"A" laser string
0335 e548 00                 				FCB		$00								;X
0336 e549 00                 				FCB		$00								;Y
0337 e54a b0                 				FCB		$B0								;Bright
0338 e54b 00                 				FCB		$00								;X
0339 e54c 41                 				FCB		$41								;Y
0340 e54d 0d                 				FCB		$0D								;X
0341 e54e 4e                 				FCB		$4E								;Y
0342 e54f 27                 				FCB		$27								;X
0343 e550 4e                 				FCB		$4E								;Y
0344 e551 34                 				FCB		$34								;X
0345 e552 41                 				FCB		$41								;Y
0346 e553 34                 				FCB		$34								;X
0347 e554 00                 				FCB		$00								;Y
0348 e555 d0                 				FCB		$D0								;Dim
0349 e556 00                 				FCB		$00								;X
0350 e557 27                 				FCB		$27								;Y
0351 e558 b0                 				FCB		$B0								;Bright
0352 e559 34                 				FCB		$34								;X
0353 e55a 27                 				FCB		$27								;Y
0354 e55b d0                 				FCB		$D0								;Dim
0355 e55c 70                 				FCB		$70								;"A" laser string end
0356 e590                    				ORG		4*stringLength+laserStart					;"2" laser string
0357 e590 00                 				FCB		$00								;X
0358 e591 41                 				FCB		$41								;Y
0359 e592 b0                 				FCB		$B0								;Bright
0360 e593 0d                 				FCB		$0D								;X
0361 e594 4e                 				FCB		$4E								;Y
0362 e595 27                 				FCB		$27								;X
0363 e596 4e                 				FCB		$4E								;Y
0364 e597 34                 				FCB		$34								;X
0365 e598 41                 				FCB		$41								;Y
0366 e599 34                 				FCB		$34								;X
0367 e59a 34                 				FCB		$34								;Y
0368 e59b 00                 				FCB		$00								;X
0369 e59c 00                 				FCB		$00								;Y
0370 e59d 34                 				FCB		$34								;X
0371 e59e 00                 				FCB		$00								;Y
0372 e59f d0                 				FCB		$D0								;Dim
0373 e5a0 70                 				FCB		$70								;"2" laser string end
0374 e5b4                    				ORG		5*stringLength+laserStart					;"W" laser string
0375 e5b4 00                 				FCB		$00								;X
0376 e5b5 4e                 				FCB		$4E								;Y
0377 e5b6 b0                 				FCB		$B0								;Bright
0378 e5b7 00                 				FCB		$00								;X
0379 e5b8 0d                 				FCB		$0D								;Y
0380 e5b9 0d                 				FCB		$0D								;X
0381 e5ba 00                 				FCB		$00								;Y
0382 e5bb 1a                 				FCB		$1A								;X
0383 e5bc 0d                 				FCB		$0D								;Y
0384 e5bd d0                 				FCB		$D0								;Dim
0385 e5be 1a                 				FCB		$1A								;X
0386 e5bf 27                 				FCB		$27								;Y
0387 e5c0 b0                 				FCB		$B0								;Bright
0388 e5c1 1a                 				FCB		$1A								;X
0389 e5c2 d0                 				FCB		$D0								;Y
0390 e5c3 27                 				FCB		$27								;X
0391 e5c4 00                 				FCB		$00								;Y
0392 e5c5 34                 				FCB		$34								;X
0393 e5c6 0d                 				FCB		$0D								;Y
0394 e5c7 34                 				FCB		$34								;X
0395 e5c8 4e                 				FCB		$4E								;Y
0396 e5c9 d0                 				FCB		$D0								;Dim
0397 e5ca 70                 				FCB		$70								;"W" laser string end
0398 e5d8                    				ORG		6*stringLength+laserStart					;"S" laser string
0399 e5d8 00                 				FCB		$00								;X
0400 e5d9 00                 				FCB		$00								;Y
0401 e5da b0                 				FCB		$B0								;Bright
0402 e5db 27                 				FCB		$27								;X
0403 e5dc 00                 				FCB		$00								;Y
0404 e5dd 34                 				FCB		$34								;X
0405 e5de 0d                 				FCB		$0D								;Y
0406 e5df 34                 				FCB		$34								;X
0407 e5e0 1a                 				FCB		$1A								;Y
0408 e5e1 27                 				FCB		$27								;X
0409 e5e2 27                 				FCB		$27								;Y
0410 e5e3 0d                 				FCB		$0D								;X
0411 e5e4 27                 				FCB		$27								;Y
0412 e5e5 00                 				FCB		$00								;X
0413 e5e6 34                 				FCB		$34								;Y
0414 e5e7 00                 				FCB		$00								;X
0415 e5e8 41                 				FCB		$41								;Y
0416 e5e9 0d                 				FCB		$0D								;X
0417 e5ea 4e                 				FCB		$4E								;Y
0418 e5eb 34                 				FCB		$34								;X
0419 e5ec 4e                 				FCB		$4E								;Y
0420 e5ed d0                 				FCB		$D0								;Dim
0421 e5ee 70                 				FCB		$70								;"S" laser string end
0422 e5fc                    				ORG		7*stringLength+laserStart					;"X" laser string
0423 e5fc 00                 				FCB		$00								;X
0424 e5fd 00                 				FCB		$00								;Y
0425 e5fe b0                 				FCB		$B0								;Bright
0426 e5ff 00                 				FCB		$00								;X
0427 e600 0d                 				FCB		$0D								;Y
0428 e601 34                 				FCB		$34								;X
0429 e602 41                 				FCB		$41								;Y
0430 e603 34                 				FCB		$34								;X
0431 e604 4e                 				FCB		$4E								;Y
0432 e605 d0                 				FCB		$D0								;Dim
0433 e606 00                 				FCB		$00								;X
0434 e607 4e                 				FCB		$4E								;Y
0435 e608 b0                 				FCB		$B0								;Bright
0436 e609 00                 				FCB		$00								;X
0437 e60a 41                 				FCB		$41								;Y
0438 e60b 34                 				FCB		$34								;X
0439 e60c 0d                 				FCB		$0D								;Y
0440 e60d 34                 				FCB		$34								;X
0441 e60e 00                 				FCB		$00								;Y
0442 e60f d0                 				FCB		$D0								;Dim
0443 e610 70                 				FCB		$70								;"X" laser string end
0444 e620                    				ORG		8*stringLength+laserStart					;"3" laser string
0445 e620 00                 				FCB		$00								;X
0446 e621 4e                 				FCB		$4E								;Y
0447 e622 b0                 				FCB		$B0								;Bright
0448 e623 34                 				FCB		$34								;X
0449 e624 4e                 				FCB		$4E								;Y
0450 e625 1a                 				FCB		$1A								;X
0451 e626 34                 				FCB		$34								;Y
0452 e627 34                 				FCB		$34								;X
0453 e628 1a                 				FCB		$1A								;Y
0454 e629 34                 				FCB		$34								;X
0455 e62a 0d                 				FCB		$0D								;Y
0456 e62b 27                 				FCB		$27								;X
0457 e62c 00                 				FCB		$00								;Y
0458 e62d 0d                 				FCB		$0D								;X
0459 e62e 00                 				FCB		$00								;Y
0460 e62f 00                 				FCB		$00								;X
0461 e630 0d                 				FCB		$0D								;Y
0462 e631 d0                 				FCB		$D0								;Dim
0463 e632 70                 				FCB		$70								;"3" laser string end
0464 e644                    				ORG		9*stringLength+laserStart					;"E" laser string
0465 e644 34                 				FCB		$34								;X
0466 e645 00                 				FCB		$00								;Y
0467 e646 b0                 				FCB		$B0								;Bright
0468 e647 00                 				FCB		$00								;X
0469 e648 00                 				FCB		$00								;Y
0470 e649 00                 				FCB		$00								;X
0471 e64a 4e                 				FCB		$4E								;Y
0472 e64b 34                 				FCB		$34								;X
0473 e64c 4e                 				FCB		$4E								;Y
0474 e64d d0                 				FCB		$D0								;Dim
0475 e64e 00                 				FCB		$00								;X
0476 e64f 27                 				FCB		$27								;Y
0477 e650 b0                 				FCB		$B0								;Bright
0478 e651 27                 				FCB		$27								;X
0479 e652 27                 				FCB		$27								;Y
0480 e653 d0                 				FCB		$D0								;Dim
0481 e654 70                 				FCB		$70								;"E" laser string end
0482 e668                    				ORG		10*stringLength+laserStart					;"D" laser string
0483 e668 34                 				FCB		$34								;X
0484 e669 0d                 				FCB		$0D								;Y
0485 e66a b0                 				FCB		$B0								;Bright
0486 e66b 34                 				FCB		$34								;X
0487 e66c 41                 				FCB		$41								;Y
0488 e66d 27                 				FCB		$27								;X
0489 e66e 4e                 				FCB		$4E								;Y
0490 e66f 00                 				FCB		$00								;X
0491 e670 4e                 				FCB		$4E								;Y
0492 e671 00                 				FCB		$00								;X
0493 e672 00                 				FCB		$00								;Y
0494 e673 27                 				FCB		$27								;X
0495 e674 00                 				FCB		$00								;Y
0496 e675 34                 				FCB		$34								;X
0497 e676 0d                 				FCB		$0D								;Y
0498 e677 d0                 				FCB		$D0								;Dim
0499 e678 70                 				FCB		$70								;"D" laser string end
0500 e68c                    				ORG		11*stringLength+laserStart					;"C" laser string
0501 e68c 34                 				FCB		$34								;X
0502 e68d 41                 				FCB		$41								;Y
0503 e68e b0                 				FCB		$B0								;Bright
0504 e68f 27                 				FCB		$27								;X
0505 e690 4e                 				FCB		$4E								;Y
0506 e691 0d                 				FCB		$0D								;X
0507 e692 4e                 				FCB		$4E								;Y
0508 e693 00                 				FCB		$00								;X
0509 e694 41                 				FCB		$41								;Y
0510 e695 00                 				FCB		$00								;X
0511 e696 0d                 				FCB		$0D								;Y
0512 e697 0d                 				FCB		$0D								;X
0513 e698 00                 				FCB		$00								;Y
0514 e699 27                 				FCB		$27								;X
0515 e69a 00                 				FCB		$00								;Y
0516 e69b 34                 				FCB		$34								;X
0517 e69c 0d                 				FCB		$0D								;Y
0518 e69d d0                 				FCB		$D0								;Dim
0519 e69e 70                 				FCB		$70								;"C" laser string end
0520 e6b0                    				ORG		12*stringLength+laserStart					;"4" laser string
0521 e6b0 27                 				FCB		$27								;X
0522 e6b1 00                 				FCB		$00								;Y
0523 e6b2 b0                 				FCB		$B0								;Bright
0524 e6b3 27                 				FCB		$27								;X
0525 e6b4 4e                 				FCB		$4E								;Y
0526 e6b5 00                 				FCB		$00								;X
0527 e6b6 27                 				FCB		$27								;Y
0528 e6b7 00                 				FCB		$00								;X
0529 e6b8 1a                 				FCB		$1A								;Y
0530 e6b9 34                 				FCB		$34								;X
0531 e6ba 1a                 				FCB		$1A								;Y
0532 e6bb d0                 				FCB		$D0								;Dim
0533 e6bc 70                 				FCB		$70								;"4" laser string end
0534 e6d4                    				ORG		13*stringLength+laserStart					;"R" laser string
0535 e6d4 00                 				FCB		$00								;X
0536 e6d5 00                 				FCB		$00								;Y
0537 e6d6 b0                 				FCB		$B0								;Bright
0538 e6d7 00                 				FCB		$00								;X
0539 e6d8 4e                 				FCB		$4E								;Y
0540 e6d9 27                 				FCB		$27								;X
0541 e6da 4e                 				FCB		$4E								;Y
0542 e6db 34                 				FCB		$34								;X
0543 e6dc 41                 				FCB		$41								;Y
0544 e6dd 34                 				FCB		$34								;X
0545 e6de 34                 				FCB		$34								;Y
0546 e6df 27                 				FCB		$27								;X
0547 e6e0 27                 				FCB		$27								;Y
0548 e6e1 00                 				FCB		$00								;X
0549 e6e2 27                 				FCB		$27								;Y
0550 e6e3 d0                 				FCB		$D0								;Dim
0551 e6e4 0d                 				FCB		$0D								;X
0552 e6e5 27                 				FCB		$27								;Y
0553 e6e6 b0                 				FCB		$B0								;Bright
0554 e6e7 34                 				FCB		$34								;X
0555 e6e8 00                 				FCB		$00								;Y
0556 e6e9 d0                 				FCB		$D0								;Dim
0557 e6ea 70                 				FCB		$70								;"R" laser string end
0558 e6f8                    				ORG		14*stringLength+laserStart					;"F" laser string
0559 e6f8 00                 				FCB		$00								;X
0560 e6f9 00                 				FCB		$00								;Y
0561 e6fa b0                 				FCB		$B0								;Bright
0562 e6fb 00                 				FCB		$00								;X
0563 e6fc 4e                 				FCB		$4E								;Y
0564 e6fd 34                 				FCB		$34								;X
0565 e6fe 4e                 				FCB		$4E								;Y
0566 e6ff d0                 				FCB		$D0								;Dim
0567 e700 00                 				FCB		$00								;X
0568 e701 27                 				FCB		$27								;Y
0569 e702 b0                 				FCB		$B0								;Bright
0570 e703 27                 				FCB		$27								;X
0571 e704 27                 				FCB		$27								;Y
0572 e705 d0                 				FCB		$D0								;Dim
0573 e706 70                 				FCB		$70								;"F" laser string end
0574 e71c                    				ORG		15*stringLength+laserStart					;"V" laser string
0575 e71c 00                 				FCB		$00								;X
0576 e71d 4e                 				FCB		$4E								;Y
0577 e71e b0                 				FCB		$B0								;Bright
0578 e71f 00                 				FCB		$00								;X
0579 e720 27                 				FCB		$27								;Y
0580 e721 0d                 				FCB		$0D								;X
0581 e722 1a                 				FCB		$1A								;Y
0582 e723 0d                 				FCB		$0D								;X
0583 e724 0d                 				FCB		$0D								;Y
0584 e725 1a                 				FCB		$1A								;X
0585 e726 00                 				FCB		$00								;Y
0586 e727 27                 				FCB		$27								;X
0587 e728 0d                 				FCB		$0D								;Y
0588 e729 27                 				FCB		$27								;X
0589 e72a 1a                 				FCB		$1A								;Y
0590 e72b 34                 				FCB		$34								;X
0591 e72c 27                 				FCB		$27								;Y
0592 e72d 34                 				FCB		$34								;X
0593 e72e 4e                 				FCB		$4E								;Y
0594 e72f d0                 				FCB		$D0								;Dim
0595 e730 70                 				FCB		$70								;"V" laser string end
0596 e740                    				ORG		16*stringLength+laserStart					;"5" laser string
0597 e740 00                 				FCB		$00								;X
0598 e741 0d                 				FCB		$0D								;Y
0599 e742 b0                 				FCB		$B0								;Bright
0600 e743 0d                 				FCB		$0D								;X
0601 e744 00                 				FCB		$00								;Y
0602 e745 27                 				FCB		$27								;X
0603 e746 00                 				FCB		$00								;Y
0604 e747 34                 				FCB		$34								;X
0605 e748 0d                 				FCB		$0D								;Y
0606 e749 34                 				FCB		$34								;X
0607 e74a 27                 				FCB		$27								;Y
0608 e74b 27                 				FCB		$27								;X
0609 e74c 34                 				FCB		$34								;Y
0610 e74d 00                 				FCB		$00								;X
0611 e74e 34                 				FCB		$34								;Y
0612 e74f 00                 				FCB		$00								;X
0613 e750 4e                 				FCB		$4E								;Y
0614 e751 34                 				FCB		$34								;X
0615 e752 4e                 				FCB		$4E								;Y
0616 e753 d0                 				FCB		$D0								;Dim
0617 e754 70                 				FCB		$70								;"5" laser string end
0618 e764                    				ORG		17*stringLength+laserStart					;"T" laser string
0619 e764 1a                 				FCB		$1A								;X
0620 e765 00                 				FCB		$00								;Y
0621 e766 b0                 				FCB		$B0								;Bright
0622 e767 1a                 				FCB		$1A								;X
0623 e768 4e                 				FCB		$4E								;Y
0624 e769 d0                 				FCB		$D0								;Dim
0625 e76a 00                 				FCB		$00								;X
0626 e76b 4e                 				FCB		$4E								;Y
0627 e76c b0                 				FCB		$B0								;Bright
0628 e76d 34                 				FCB		$34								;X
0629 e76e 4e                 				FCB		$4E								;Y
0630 e76f d0                 				FCB		$D0								;Dim
0631 e770 70                 				FCB		$70								;"T" laser string end
0632 e788                    				ORG		18*stringLength+laserStart					;"G" laser string
0633 e788 1a                 				FCB		$1A								;X
0634 e789 27                 				FCB		$27								;Y
0635 e78a b0                 				FCB		$B0								;Bright
0636 e78b 34                 				FCB		$34								;X
0637 e78c 27                 				FCB		$27								;Y
0638 e78d 34                 				FCB		$34								;X
0639 e78e 00                 				FCB		$00								;Y
0640 e78f 0d                 				FCB		$0D								;X
0641 e790 00                 				FCB		$00								;Y
0642 e791 00                 				FCB		$00								;X
0643 e792 0d                 				FCB		$0D								;Y
0644 e793 00                 				FCB		$00								;X
0645 e794 41                 				FCB		$41								;Y
0646 e795 0d                 				FCB		$0D								;X
0647 e796 4e                 				FCB		$4E								;Y
0648 e797 27                 				FCB		$27								;X
0649 e798 4e                 				FCB		$4E								;Y
0650 e799 34                 				FCB		$34								;X
0651 e79a 41                 				FCB		$41								;Y
0652 e79b d0                 				FCB		$D0								;Dim
0653 e79c 70                 				FCB		$70								;"G" laser string end
0654 e980                    				ORG		0+32*stringLength+laserStart					;"6" laser string
0655 e980 00                 				FCB		$00								;X
0656 e981 27                 				FCB		$27								;Y
0657 e982 b0                 				FCB		$B0								;Bright
0658 e983 00                 				FCB		$00								;X
0659 e984 0d                 				FCB		$0D								;Y
0660 e985 0d                 				FCB		$0D								;X
0661 e986 00                 				FCB		$00								;Y
0662 e987 27                 				FCB		$27								;X
0663 e988 00                 				FCB		$00								;Y
0664 e989 34                 				FCB		$34								;X
0665 e98a 0d                 				FCB		$0D								;Y
0666 e98b 34                 				FCB		$34								;X
0667 e98c 1a                 				FCB		$1A								;Y
0668 e98d 27                 				FCB		$27								;X
0669 e98e 27                 				FCB		$27								;Y
0670 e98f 00                 				FCB		$00								;X
0671 e990 27                 				FCB		$27								;Y
0672 e991 00                 				FCB		$00								;X
0673 e992 34                 				FCB		$34								;Y
0674 e993 1a                 				FCB		$1A								;X
0675 e994 4e                 				FCB		$4E								;Y
0676 e995 27                 				FCB		$27								;X
0677 e996 4e                 				FCB		$4E								;Y
0678 e997 d0                 				FCB		$D0								;Dim
0679 e998 70                 				FCB		$70								;"6" laser string end
0680 e9a4                    				ORG		1+32*stringLength+laserStart					;"Y" laser string
0681 e9a4 00                 				FCB		$00								;X
0682 e9a5 4e                 				FCB		$4E								;Y
0683 e9a6 b0                 				FCB		$B0								;Bright
0684 e9a7 00                 				FCB		$00								;X
0685 e9a8 34                 				FCB		$34								;Y
0686 e9a9 1a                 				FCB		$1A								;X
0687 e9aa 1a                 				FCB		$1A								;Y
0688 e9ab 1a                 				FCB		$1A								;X
0689 e9ac 00                 				FCB		$00								;Y
0690 e9ad d0                 				FCB		$D0								;Dim
0691 e9ae 1a                 				FCB		$1A								;X
0692 e9af 1a                 				FCB		$1A								;Y
0693 e9b0 b0                 				FCB		$B0								;Bright
0694 e9b1 34                 				FCB		$34								;X
0695 e9b2 34                 				FCB		$34								;Y
0696 e9b3 34                 				FCB		$34								;X
0697 e9b4 4e                 				FCB		$4E								;Y
0698 e9b5 d0                 				FCB		$D0								;Dim
0699 e9b6 70                 				FCB		$70								;"Y" laser string end
0700 e9c8                    				ORG		2+32*stringLength+laserStart					;"H" laser string
0701 e9c8 00                 				FCB		$00								;X
0702 e9c9 00                 				FCB		$00								;Y
0703 e9ca b0                 				FCB		$B0								;Bright
0704 e9cb 00                 				FCB		$00								;X
0705 e9cc 4e                 				FCB		$4E								;Y
0706 e9cd d0                 				FCB		$D0								;Dim
0707 e9ce 00                 				FCB		$00								;X
0708 e9cf 27                 				FCB		$27								;Y
0709 e9d0 b0                 				FCB		$B0								;Bright
0710 e9d1 34                 				FCB		$34								;X
0711 e9d2 27                 				FCB		$27								;Y
0712 e9d3 d0                 				FCB		$D0								;Dim
0713 e9d4 34                 				FCB		$34								;X
0714 e9d5 4e                 				FCB		$4E								;Y
0715 e9d6 b0                 				FCB		$B0								;Bright
0716 e9d7 34                 				FCB		$34								;X
0717 e9d8 00                 				FCB		$00								;Y
0718 e9d9 d0                 				FCB		$D0								;Dim
0719 e9da 70                 				FCB		$70								;"H" laser string end
0720 ea10                    				ORG		4+32*stringLength+laserStart					;"7" laser string
0721 ea10 00                 				FCB		$00								;X
0722 ea11 4e                 				FCB		$4E								;Y
0723 ea12 b0                 				FCB		$B0								;Bright
0724 ea13 34                 				FCB		$34								;X
0725 ea14 4e                 				FCB		$4E								;Y
0726 ea15 34                 				FCB		$34								;X
0727 ea16 41                 				FCB		$41								;Y
0728 ea17 0d                 				FCB		$0D								;X
0729 ea18 1a                 				FCB		$1A								;Y
0730 ea19 0d                 				FCB		$0D								;X
0731 ea1a 00                 				FCB		$00								;Y
0732 ea1b d0                 				FCB		$D0								;Dim
0733 ea1c 70                 				FCB		$70								;"7" laser string end
0734 ea34                    				ORG		5+32*stringLength+laserStart					;"U" laser string
0735 ea34 00                 				FCB		$00								;X
0736 ea35 4e                 				FCB		$4E								;Y
0737 ea36 b0                 				FCB		$B0								;Bright
0738 ea37 00                 				FCB		$00								;X
0739 ea38 0d                 				FCB		$0D								;Y
0740 ea39 0d                 				FCB		$0D								;X
0741 ea3a 00                 				FCB		$00								;Y
0742 ea3b 27                 				FCB		$27								;X
0743 ea3c 00                 				FCB		$00								;Y
0744 ea3d 34                 				FCB		$34								;X
0745 ea3e 0d                 				FCB		$0D								;Y
0746 ea3f 34                 				FCB		$34								;X
0747 ea40 4e                 				FCB		$4E								;Y
0748 ea41 d0                 				FCB		$D0								;Dim
0749 ea42 70                 				FCB		$70								;"U" laser string end
0750 ea58                    				ORG		6+32*stringLength+laserStart					;"J" laser string
0751 ea58 00                 				FCB		$00								;X
0752 ea59 0d                 				FCB		$0D								;Y
0753 ea5a b0                 				FCB		$B0								;Bright
0754 ea5b 0d                 				FCB		$0D								;X
0755 ea5c 00                 				FCB		$00								;Y
0756 ea5d 1a                 				FCB		$1A								;X
0757 ea5e 00                 				FCB		$00								;Y
0758 ea5f 27                 				FCB		$27								;X
0759 ea60 0d                 				FCB		$0D								;Y
0760 ea61 27                 				FCB		$27								;X
0761 ea62 0d                 				FCB		$0D								;Y
0762 ea63 27                 				FCB		$27								;X
0763 ea64 4e                 				FCB		$4E								;Y
0764 ea65 d0                 				FCB		$D0								;Dim
0765 ea66 1a                 				FCB		$1A								;X
0766 ea67 4e                 				FCB		$4E								;Y
0767 ea68 b0                 				FCB		$B0								;Bright
0768 ea69 34                 				FCB		$34								;X
0769 ea6a 4e                 				FCB		$4E								;Y
0770 ea6b d0                 				FCB		$D0								;Dim
0771 ea6c 70                 				FCB		$70								;"J" laser string end
0772 ea7c                    				ORG		7+32*stringLength+laserStart					;"B" laser string
0773 ea7c 00                 				FCB		$00								;X
0774 ea7d 27                 				FCB		$27								;Y
0775 ea7e b0                 				FCB		$B0								;Bright
0776 ea7f 00                 				FCB		$00								;X
0777 ea80 00                 				FCB		$00								;Y
0778 ea81 27                 				FCB		$27								;X
0779 ea82 00                 				FCB		$00								;Y
0780 ea83 34                 				FCB		$34								;X
0781 ea84 0d                 				FCB		$0D								;Y
0782 ea85 34                 				FCB		$34								;X
0783 ea86 1a                 				FCB		$1A								;Y
0784 ea87 27                 				FCB		$27								;X
0785 ea88 27                 				FCB		$27								;Y
0786 ea89 34                 				FCB		$34								;X
0787 ea8a 34                 				FCB		$34								;Y
0788 ea8b 34                 				FCB		$34								;X
0789 ea8c 41                 				FCB		$41								;Y
0790 ea8d 27                 				FCB		$27								;X
0791 ea8e 4e                 				FCB		$4E								;Y
0792 ea8f 00                 				FCB		$00								;X
0793 ea90 4e                 				FCB		$4E								;Y
0794 ea91 00                 				FCB		$00								;X
0795 ea92 27                 				FCB		$27								;Y
0796 ea93 27                 				FCB		$27								;X
0797 ea94 27                 				FCB		$27								;Y
0798 ea95 d0                 				FCB		$D0								;Dim
0799 ea96 70                 				FCB		$70								;"B" laser string end
0800 eaa0                    				ORG		8+32*stringLength+laserStart					;"8" laser string
0801 eaa0 0d                 				FCB		$0D								;X
0802 eaa1 27                 				FCB		$27								;Y
0803 eaa2 b0                 				FCB		$B0								;Bright
0804 eaa3 00                 				FCB		$00								;X
0805 eaa4 1a                 				FCB		$1A								;Y
0806 eaa5 00                 				FCB		$00								;X
0807 eaa6 0d                 				FCB		$0D								;Y
0808 eaa7 0d                 				FCB		$0D								;X
0809 eaa8 00                 				FCB		$00								;Y
0810 eaa9 27                 				FCB		$27								;X
0811 eaaa 00                 				FCB		$00								;Y
0812 eaab 34                 				FCB		$34								;X
0813 eaac 0d                 				FCB		$0D								;Y
0814 eaad 34                 				FCB		$34								;X
0815 eaae 1a                 				FCB		$1A								;Y
0816 eaaf 27                 				FCB		$27								;X
0817 eab0 27                 				FCB		$27								;Y
0818 eab1 34                 				FCB		$34								;X
0819 eab2 34                 				FCB		$34								;Y
0820 eab3 34                 				FCB		$34								;X
0821 eab4 41                 				FCB		$41								;Y
0822 eab5 27                 				FCB		$27								;X
0823 eab6 4e                 				FCB		$4E								;Y
0824 eab7 0d                 				FCB		$0D								;X
0825 eab8 4e                 				FCB		$4E								;Y
0826 eab9 00                 				FCB		$00								;X
0827 eaba 41                 				FCB		$41								;Y
0828 eabb 00                 				FCB		$00								;X
0829 eabc 34                 				FCB		$34								;Y
0830 eabd 0d                 				FCB		$0D								;X
0831 eabe 27                 				FCB		$27								;Y
0832 eabf 27                 				FCB		$27								;X
0833 eac0 27                 				FCB		$27								;Y
0834 eac1 d0                 				FCB		$D0								;Dim
0835 eac2 70                 				FCB		$70								;"8" laser string end
0836 eac4                    				ORG		9+32*stringLength+laserStart					;"I" laser string
0837 eac4 1a                 				FCB		$1A								;X
0838 eac5 00                 				FCB		$00								;Y
0839 eac6 b0                 				FCB		$B0								;Bright
0840 eac7 1a                 				FCB		$1A								;X
0841 eac8 4e                 				FCB		$4E								;Y
0842 eac9 d0                 				FCB		$D0								;Dim
0843 eaca 27                 				FCB		$27								;X
0844 eacb 4e                 				FCB		$4E								;Y
0845 eacc b0                 				FCB		$B0								;Bright
0846 eacd 0d                 				FCB		$0D								;X
0847 eace 4e                 				FCB		$4E								;Y
0848 eacf d0                 				FCB		$D0								;Dim
0849 ead0 0d                 				FCB		$0D								;X
0850 ead1 00                 				FCB		$00								;Y
0851 ead2 b0                 				FCB		$B0								;Bright
0852 ead3 27                 				FCB		$27								;X
0853 ead4 00                 				FCB		$00								;Y
0854 ead5 d0                 				FCB		$D0								;Dim
0855 ead6 70                 				FCB		$70								;"I" laser string end
0856 eae8                    				ORG		10+32*stringLength+laserStart					;"K" laser string
0857 eae8 00                 				FCB		$00								;X
0858 eae9 00                 				FCB		$00								;Y
0859 eaea b0                 				FCB		$B0								;Bright
0860 eaeb 00                 				FCB		$00								;X
0861 eaec 4e                 				FCB		$4E								;Y
0862 eaed d0                 				FCB		$D0								;Dim
0863 eaee 34                 				FCB		$34								;X
0864 eaef 4e                 				FCB		$4E								;Y
0865 eaf0 b0                 				FCB		$B0								;Bright
0866 eaf1 0d                 				FCB		$0D								;X
0867 eaf2 27                 				FCB		$27								;Y
0868 eaf3 00                 				FCB		$00								;X
0869 eaf4 27                 				FCB		$27								;Y
0870 eaf5 d0                 				FCB		$D0								;Dim
0871 eaf6 0d                 				FCB		$0D								;X
0872 eaf7 27                 				FCB		$27								;Y
0873 eaf8 b0                 				FCB		$B0								;Bright
0874 eaf9 34                 				FCB		$34								;X
0875 eafa 00                 				FCB		$00								;Y
0876 eafb d0                 				FCB		$D0								;Dim
0877 eafc 70                 				FCB		$70								;"K" laser string end
0878 eb0c                    				ORG		11+32*stringLength+laserStart					;"N" laser string
0879 eb0c 00                 				FCB		$00								;X
0880 eb0d 00                 				FCB		$00								;Y
0881 eb0e b0                 				FCB		$B0								;Bright
0882 eb0f 00                 				FCB		$00								;X
0883 eb10 4e                 				FCB		$4E								;Y
0884 eb11 d0                 				FCB		$D0								;Dim
0885 eb12 00                 				FCB		$00								;X
0886 eb13 41                 				FCB		$41								;Y
0887 eb14 b0                 				FCB		$B0								;Bright
0888 eb15 34                 				FCB		$34								;X
0889 eb16 0d                 				FCB		$0D								;Y
0890 eb17 d0                 				FCB		$D0								;Dim
0891 eb18 34                 				FCB		$34								;X
0892 eb19 00                 				FCB		$00								;Y
0893 eb1a b0                 				FCB		$B0								;Bright
0894 eb1b 34                 				FCB		$34								;X
0895 eb1c 4e                 				FCB		$4E								;Y
0896 eb1d d0                 				FCB		$D0								;Dim
0897 eb1e 70                 				FCB		$70								;"N" laser string end
0898 eb30                    				ORG		12+32*stringLength+laserStart					;"9" laser string
0899 eb30 0d                 				FCB		$0D								;X
0900 eb31 00                 				FCB		$00								;Y
0901 eb32 b0                 				FCB		$B0								;Bright
0902 eb33 1a                 				FCB		$1A								;X
0903 eb34 00                 				FCB		$00								;Y
0904 eb35 34                 				FCB		$34								;X
0905 eb36 1a                 				FCB		$1A								;Y
0906 eb37 34                 				FCB		$34								;X
0907 eb38 41                 				FCB		$41								;Y
0908 eb39 27                 				FCB		$27								;X
0909 eb3a 4e                 				FCB		$4E								;Y
0910 eb3b 0d                 				FCB		$0D								;X
0911 eb3c 4e                 				FCB		$4E								;Y
0912 eb3d 00                 				FCB		$00								;X
0913 eb3e 41                 				FCB		$41								;Y
0914 eb3f 00                 				FCB		$00								;X
0915 eb40 34                 				FCB		$34								;Y
0916 eb41 0d                 				FCB		$0D								;X
0917 eb42 27                 				FCB		$27								;Y
0918 eb43 34                 				FCB		$34								;X
0919 eb44 27                 				FCB		$27								;Y
0920 eb45 d0                 				FCB		$D0								;Dim
0921 eb46 70                 				FCB		$70								;"9" laser string end
0922 eb54                    				ORG		13+32*stringLength+laserStart					;"O" laser string
0923 eb54 00                 				FCB		$00								;X
0924 eb55 0d                 				FCB		$0D								;Y
0925 eb56 b0                 				FCB		$B0								;Bright
0926 eb57 0d                 				FCB		$0D								;X
0927 eb58 00                 				FCB		$00								;Y
0928 eb59 27                 				FCB		$27								;X
0929 eb5a 00                 				FCB		$00								;Y
0930 eb5b 34                 				FCB		$34								;X
0931 eb5c 0d                 				FCB		$0D								;Y
0932 eb5d 34                 				FCB		$34								;X
0933 eb5e 41                 				FCB		$41								;Y
0934 eb5f 27                 				FCB		$27								;X
0935 eb60 4e                 				FCB		$4E								;Y
0936 eb61 0d                 				FCB		$0D								;X
0937 eb62 4e                 				FCB		$4E								;Y
0938 eb63 00                 				FCB		$00								;X
0939 eb64 41                 				FCB		$41								;Y
0940 eb65 00                 				FCB		$00								;X
0941 eb66 0d                 				FCB		$0D								;Y
0942 eb67 d0                 				FCB		$D0								;Dim
0943 eb68 70                 				FCB		$70								;"O" laser string end
0944 eb78                    				ORG		14+32*stringLength+laserStart					;"L" laser string
0945 eb78 00                 				FCB		$00								;X
0946 eb79 4e                 				FCB		$4E								;Y
0947 eb7a b0                 				FCB		$B0								;Bright
0948 eb7b 00                 				FCB		$00								;X
0949 eb7c 00                 				FCB		$00								;Y
0950 eb7d 34                 				FCB		$34								;X
0951 eb7e 00                 				FCB		$00								;Y
0952 eb7f d0                 				FCB		$D0								;Dim
0953 eb80 70                 				FCB		$70								;"L" laser string end
0954 eb9c                    				ORG		15+32*stringLength+laserStart					;"M" laser string
0955 eb9c 00                 				FCB		$00								;X
0956 eb9d 00                 				FCB		$00								;Y
0957 eb9e b0                 				FCB		$B0								;Bright
0958 eb9f 00                 				FCB		$00								;X
0959 eba0 4e                 				FCB		$4E								;Y
0960 eba1 1a                 				FCB		$1A								;X
0961 eba2 34                 				FCB		$34								;Y
0962 eba3 1a                 				FCB		$1A								;X
0963 eba4 27                 				FCB		$27								;Y
0964 eba5 d0                 				FCB		$D0								;Dim
0965 eba6 1a                 				FCB		$1A								;X
0966 eba7 34                 				FCB		$34								;Y
0967 eba8 b0                 				FCB		$B0								;Bright
0968 eba9 34                 				FCB		$34								;X
0969 ebaa 4e                 				FCB		$4E								;Y
0970 ebab 34                 				FCB		$34								;X
0971 ebac 00                 				FCB		$00								;Y
0972 ebad d0                 				FCB		$D0								;Dim
0973 ebae 70                 				FCB		$70								;"M" laser string end
0974 ebc0                    				ORG		16+32*stringLength+laserStart					;"0" laser string
0975 ebc0 00                 				FCB		$00								;X
0976 ebc1 0d                 				FCB		$0D								;Y
0977 ebc2 b0                 				FCB		$B0								;Bright
0978 ebc3 0d                 				FCB		$0D								;X
0979 ebc4 00                 				FCB		$00								;Y
0980 ebc5 27                 				FCB		$27								;X
0981 ebc6 00                 				FCB		$00								;Y
0982 ebc7 34                 				FCB		$34								;X
0983 ebc8 00                 				FCB		$00								;Y
0984 ebc9 34                 				FCB		$34								;X
0985 ebca 41                 				FCB		$41								;Y
0986 ebcb 27                 				FCB		$27								;X
0987 ebcc 4e                 				FCB		$4E								;Y
0988 ebcd 0d                 				FCB		$0D								;X
0989 ebce 4e                 				FCB		$4E								;Y
0990 ebcf 00                 				FCB		$00								;X
0991 ebd0 41                 				FCB		$41								;Y
0992 ebd1 00                 				FCB		$00								;X
0993 ebd2 0d                 				FCB		$0D								;Y
0994 ebd3 34                 				FCB		$34								;X
0995 ebd4 41                 				FCB		$41								;Y
0996 ebd5 d0                 				FCB		$D0								;Dim
0997 ebd6 70                 				FCB		$70								;"0" laser string end
0998 ebe4                    				ORG		17+32*stringLength+laserStart					;"P" laser string
0999 ebe4 00                 				FCB		$00								;X
1000 ebe5 00                 				FCB		$00								;Y
1001 ebe6 b0                 				FCB		$B0								;Bright
1002 ebe7 00                 				FCB		$00								;X
1003 ebe8 4e                 				FCB		$4E								;Y
1004 ebe9 27                 				FCB		$27								;X
1005 ebea 4e                 				FCB		$4E								;Y
1006 ebeb 34                 				FCB		$34								;X
1007 ebec 41                 				FCB		$41								;Y
1008 ebed 34                 				FCB		$34								;X
1009 ebee 34                 				FCB		$34								;Y
1010 ebef 27                 				FCB		$27								;X
1011 ebf0 27                 				FCB		$27								;Y
1012 ebf1 00                 				FCB		$00								;X
1013 ebf2 27                 				FCB		$27								;Y
1014 ebf3 d0                 				FCB		$D0								;Dim
1015 ebf4 70                 				FCB		$70								;"P" laser string end
1016 ec08                    				ORG		18+32*stringLength+laserStart					;"Z" laser string
1017 ec08 00                 				FCB		$00								;X
1018 ec09 4e                 				FCB		$4E								;Y
1019 ec0a b0                 				FCB		$B0								;Bright
1020 ec0b 34                 				FCB		$34								;X
1021 ec0c 4e                 				FCB		$4E								;Y
1022 ec0d 34                 				FCB		$34								;X
1023 ec0e 41                 				FCB		$41								;Y
1024 ec0f 00                 				FCB		$00								;X
1025 ec10 0d                 				FCB		$0D								;Y
1026 ec11 00                 				FCB		$00								;X
1027 ec12 00                 				FCB		$00								;Y
1028 ec13 34                 				FCB		$34								;X
1029 ec14 00                 				FCB		$00								;Y
1030 ec15 d0                 				FCB		$D0								;Dim
1031 ec16 70                 				FCB		$70								;"Z" laser string end
1032 ed00                    				ORG		animationStart							;Animation
1033 ed00 d0                 				FCB		$D0								;Dim
1034 ed01 70                 				FCB		$70								;Animation end
1035                         
1036 fff2                    				ORG		$FFF2								;ISR vector
1037 fff2 e1 21              				FDB		ISR								;ISR address
1038 fffe                    				ORG		$FFFE								;Reset vector
1039 fffe e0 00              				FDB		$E000								;Reset address
1040                         * ;EEPROM end  							;Reset address
